// Jest Snapshot v1, https://goo.gl/fbAQLP

exports[`NavigationComponent should render its template 1`] = `
<app-navigation
  blogTitle={[Function String]}
  breakpointObserver={[Function BreakpointObserver]}
  isHandset$={[Function Observable]}
>
  <mat-sidenav-container
    class="sidenav-container mat-drawer-container mat-sidenav-container"
  >
    
    <div
      class="mat-drawer-backdrop ng-star-inserted"
    />
    <div
      class="cdk-visually-hidden cdk-focus-trap-anchor"
    />
    <mat-sidenav
      class="sidenav mat-drawer mat-sidenav ng-tns-c1-0 ng-trigger ng-trigger-transform mat-drawer-side mat-sidenav-fixed ng-star-inserted ng-animating"
      fixedinviewport="true"
      ng-reflect-fixed-in-viewport="true"
      ng-reflect-mode="side"
      ng-reflect-opened="true"
      role="navigation"
      style="top:0px;bottom:0px;0:top;1:bottom;"
      tabindex="-1"
    >
      <div
        class="mat-drawer-inner-container"
      >
        <mat-toolbar
          class="mat-toolbar mat-toolbar-single-row"
        >
          Menu
        </mat-toolbar>
        <mat-nav-list
          class="mat-nav-list mat-list-base"
          role="navigation"
        >
          <a
            class="mat-list-item"
            href="/list"
            mat-list-item=""
            ng-reflect-router-link="list"
            routerlink="list"
          >
            <div
              class="mat-list-item-content"
            >
              <div
                class="mat-list-item-ripple mat-ripple"
                mat-ripple=""
                ng-reflect-disabled="false"
                ng-reflect-trigger="http://localhost/list"
              />
              <div
                class="mat-list-text"
              />
              Home
            </div>
          </a>
          <a
            class="mat-list-item"
            href="/create"
            mat-list-item=""
            ng-reflect-router-link="create"
            routerlink="create"
          >
            <div
              class="mat-list-item-content"
            >
              <div
                class="mat-list-item-ripple mat-ripple"
                mat-ripple=""
                ng-reflect-disabled="false"
                ng-reflect-trigger="http://localhost/create"
              />
              <div
                class="mat-list-text"
              />
              Create Post
            </div>
          </a>
          <a
            class="mat-list-item"
            href="/contact"
            mat-list-item=""
            ng-reflect-router-link="contact"
            routerlink="contact"
          >
            <div
              class="mat-list-item-content"
            >
              <div
                class="mat-list-item-ripple mat-ripple"
                mat-ripple=""
                ng-reflect-disabled="false"
                ng-reflect-trigger="http://localhost/contact"
              />
              <div
                class="mat-list-text"
              />
              Contact
            </div>
          </a>
        </mat-nav-list>
      </div>
    </mat-sidenav>
    <div
      class="cdk-visually-hidden cdk-focus-trap-anchor"
    />
    <mat-sidenav-content
      class="mat-drawer-content mat-sidenav-content"
    >
      <mat-toolbar
        class="mat-toolbar mat-primary mat-toolbar-single-row"
        color="primary"
        ng-reflect-color="primary"
      >
        
        <span>
          Rogers Blog
        </span>
      </mat-toolbar>
      <router-outlet />
    </mat-sidenav-content>
    
  </mat-sidenav-container>
</app-navigation>
`;
